event: [2026-06-01 20:36:10] START_PROFILE CURRENT
event: [2026-06-01 20:36:10] USING_CURRENT_CLUSTER_STATE profile=current
event: [2026-06-01 20:36:10] WEBGOAT_PODS count=1 running=1 ready=1 names=webgoat-565d9b5867-fhwbf
event: [2026-06-01 20:36:10] OPENRASP_RUNTIME CURRENT status=loaded evidence=javaagent-detected
event: [2026-06-01 20:36:12] START_ZAP CURRENT
event: [2026-06-01 20:36:18] ZAP_READY CURRENT
== current probe ==
reg=302 login=302 safe=200 0.245769s sqli=302 0.066949s detector=rasp
sqli_headers:
Server: nginx/1.28.2
Date: Mon, 01 Jun 2026 23:36:21 GMT
Content-Length: 118
Connection: keep-alive
X-Request-ID: 9c9b8967821247a6ab1fd679f3bb9b00
X-Protected-By: OpenRASP
Location: https://rasp.baidu.com/blocked/?request_id=9c9b8967821247a6ab1fd679f3bb9b00
---
event: [2026-06-01 20:36:21] ZAP_SEED_DONE CURRENT
event: [2026-06-01 20:36:21] ZAP_SCAN_START CURRENT
== current zap ==
spider_target=http://host.docker.internal:18080/webgoat/WebGoat/SqlInjection ascan_targets=http://host.docker.internal:18080/webgoat/WebGoat/SqlInjection
alerts_total=33 alerts_sqli=1 high=1 medium=4 requests_total=556 blocked_total=88 blocked_waf=0 blocked_rasp=88 sqli_like_total=117 sqli_like_blocked=48
sqli_alert: SQL Injection - Hypersonic SQL risk=High url=http://host.docker.internal:18080/webgoat/WebGoat/SqlInjection/attack8 param=name
---
event: [2026-06-01 20:36:49] ZAP_SCAN_DONE CURRENT
